// Jest Snapshot v1, https://goo.gl/fbAQLP

exports[`LeaguePicker matches snapshot 1`] = `
{
  "asFragment": [Function],
  "baseElement": <body>
    <div>
      <div>
        <div
          class="Toastify"
        />
        <form
          class="form"
        >
          <p>
            Choose a league to see the standings
          </p>
          <div
            class="grid"
          >
            <label>
              <input
                class="radioInput radioInputLeague"
                type="radio"
              />
              <div
                class="card"
              >
                <img
                  alt="Premier League"
                  data-nimg="1"
                  decoding="async"
                  height="50"
                  loading="lazy"
                  src="/_next/image?url=%2Fleagues%2Fpremier-league.png&w=128&q=75"
                  srcset="/_next/image?url=%2Fleagues%2Fpremier-league.png&w=64&q=75 1x, /_next/image?url=%2Fleagues%2Fpremier-league.png&w=128&q=75 2x"
                  style="color: transparent;"
                  width="50"
                />
                <p>
                  Premier League
                </p>
                <div
                  class="flexRow"
                >
                  <p>
                    England
                  </p>
                  <img
                    alt="England"
                    data-nimg="1"
                    decoding="async"
                    height="30"
                    loading="lazy"
                    src="/_next/image?url=%2Fflags%2Fengland.png&w=64&q=75"
                    srcset="/_next/image?url=%2Fflags%2Fengland.png&w=32&q=75 1x, /_next/image?url=%2Fflags%2Fengland.png&w=64&q=75 2x"
                    style="color: transparent;"
                    width="30"
                  />
                </div>
              </div>
            </label>
            <label>
              <input
                class="radioInput radioInputLeague"
                type="radio"
              />
              <div
                class="card"
              >
                <img
                  alt="La Liga"
                  data-nimg="1"
                  decoding="async"
                  height="50"
                  loading="lazy"
                  src="/_next/image?url=%2Fleagues%2Fla-liga.png&w=128&q=75"
                  srcset="/_next/image?url=%2Fleagues%2Fla-liga.png&w=64&q=75 1x, /_next/image?url=%2Fleagues%2Fla-liga.png&w=128&q=75 2x"
                  style="color: transparent;"
                  width="50"
                />
                <p>
                  La Liga
                </p>
                <div
                  class="flexRow"
                >
                  <p>
                    Spain
                  </p>
                  <img
                    alt="Spain"
                    data-nimg="1"
                    decoding="async"
                    height="30"
                    loading="lazy"
                    src="/_next/image?url=%2Fflags%2Fspain.png&w=64&q=75"
                    srcset="/_next/image?url=%2Fflags%2Fspain.png&w=32&q=75 1x, /_next/image?url=%2Fflags%2Fspain.png&w=64&q=75 2x"
                    style="color: transparent;"
                    width="30"
                  />
                </div>
              </div>
            </label>
            <label>
              <input
                class="radioInput radioInputLeague"
                type="radio"
              />
              <div
                class="card"
              >
                <img
                  alt="Bundesliga"
                  data-nimg="1"
                  decoding="async"
                  height="50"
                  loading="lazy"
                  src="/_next/image?url=%2Fleagues%2Fbundesliga.png&w=128&q=75"
                  srcset="/_next/image?url=%2Fleagues%2Fbundesliga.png&w=64&q=75 1x, /_next/image?url=%2Fleagues%2Fbundesliga.png&w=128&q=75 2x"
                  style="color: transparent;"
                  width="50"
                />
                <p>
                  Bundesliga
                </p>
                <div
                  class="flexRow"
                >
                  <p>
                    Germany
                  </p>
                  <img
                    alt="Germany"
                    data-nimg="1"
                    decoding="async"
                    height="30"
                    loading="lazy"
                    src="/_next/image?url=%2Fflags%2Fgermany.png&w=64&q=75"
                    srcset="/_next/image?url=%2Fflags%2Fgermany.png&w=32&q=75 1x, /_next/image?url=%2Fflags%2Fgermany.png&w=64&q=75 2x"
                    style="color: transparent;"
                    width="30"
                  />
                </div>
              </div>
            </label>
            <label>
              <input
                class="radioInput radioInputLeague"
                type="radio"
              />
              <div
                class="card"
              >
                <img
                  alt="Serie A"
                  data-nimg="1"
                  decoding="async"
                  height="50"
                  loading="lazy"
                  src="/_next/image?url=%2Fleagues%2Fserie-a.png&w=128&q=75"
                  srcset="/_next/image?url=%2Fleagues%2Fserie-a.png&w=64&q=75 1x, /_next/image?url=%2Fleagues%2Fserie-a.png&w=128&q=75 2x"
                  style="color: transparent;"
                  width="50"
                />
                <p>
                  Serie A
                </p>
                <div
                  class="flexRow"
                >
                  <p>
                    Italy
                  </p>
                  <img
                    alt="Italy"
                    data-nimg="1"
                    decoding="async"
                    height="30"
                    loading="lazy"
                    src="/_next/image?url=%2Fflags%2Fitaly.png&w=64&q=75"
                    srcset="/_next/image?url=%2Fflags%2Fitaly.png&w=32&q=75 1x, /_next/image?url=%2Fflags%2Fitaly.png&w=64&q=75 2x"
                    style="color: transparent;"
                    width="30"
                  />
                </div>
              </div>
            </label>
            <label>
              <input
                class="radioInput radioInputLeague"
                type="radio"
              />
              <div
                class="card"
              >
                <img
                  alt="Ligue 1"
                  data-nimg="1"
                  decoding="async"
                  height="50"
                  loading="lazy"
                  src="/_next/image?url=%2Fleagues%2Fligue-1.png&w=128&q=75"
                  srcset="/_next/image?url=%2Fleagues%2Fligue-1.png&w=64&q=75 1x, /_next/image?url=%2Fleagues%2Fligue-1.png&w=128&q=75 2x"
                  style="color: transparent;"
                  width="50"
                />
                <p>
                  Ligue 1
                </p>
                <div
                  class="flexRow"
                >
                  <p>
                    France
                  </p>
                  <img
                    alt="France"
                    data-nimg="1"
                    decoding="async"
                    height="30"
                    loading="lazy"
                    src="/_next/image?url=%2Fflags%2Ffrance.png&w=64&q=75"
                    srcset="/_next/image?url=%2Fflags%2Ffrance.png&w=32&q=75 1x, /_next/image?url=%2Fflags%2Ffrance.png&w=64&q=75 2x"
                    style="color: transparent;"
                    width="30"
                  />
                </div>
              </div>
            </label>
          </div>
          <br />
          <p>
            Choose the season you would like to discover
          </p>
          <div
            class="grid"
          >
            <label>
              <input
                class="radioInput radioInputSeason"
                type="radio"
              />
              <div
                class="card"
              >
                2019/2020
              </div>
            </label>
            <label>
              <input
                class="radioInput radioInputSeason"
                type="radio"
              />
              <div
                class="card"
              >
                2020/2021
              </div>
            </label>
            <label>
              <input
                class="radioInput radioInputSeason"
                type="radio"
              />
              <div
                class="card"
              >
                2021/2022
              </div>
            </label>
            <label>
              <input
                class="radioInput radioInputSeason"
                type="radio"
              />
              <div
                class="card"
              >
                2022/2023
              </div>
            </label>
          </div>
          <button
            class="submitButton"
            type="submit"
          >
            Submit
          </button>
        </form>
      </div>
    </div>
  </body>,
  "container": <div>
    <div>
      <div
        class="Toastify"
      />
      <form
        class="form"
      >
        <p>
          Choose a league to see the standings
        </p>
        <div
          class="grid"
        >
          <label>
            <input
              class="radioInput radioInputLeague"
              type="radio"
            />
            <div
              class="card"
            >
              <img
                alt="Premier League"
                data-nimg="1"
                decoding="async"
                height="50"
                loading="lazy"
                src="/_next/image?url=%2Fleagues%2Fpremier-league.png&w=128&q=75"
                srcset="/_next/image?url=%2Fleagues%2Fpremier-league.png&w=64&q=75 1x, /_next/image?url=%2Fleagues%2Fpremier-league.png&w=128&q=75 2x"
                style="color: transparent;"
                width="50"
              />
              <p>
                Premier League
              </p>
              <div
                class="flexRow"
              >
                <p>
                  England
                </p>
                <img
                  alt="England"
                  data-nimg="1"
                  decoding="async"
                  height="30"
                  loading="lazy"
                  src="/_next/image?url=%2Fflags%2Fengland.png&w=64&q=75"
                  srcset="/_next/image?url=%2Fflags%2Fengland.png&w=32&q=75 1x, /_next/image?url=%2Fflags%2Fengland.png&w=64&q=75 2x"
                  style="color: transparent;"
                  width="30"
                />
              </div>
            </div>
          </label>
          <label>
            <input
              class="radioInput radioInputLeague"
              type="radio"
            />
            <div
              class="card"
            >
              <img
                alt="La Liga"
                data-nimg="1"
                decoding="async"
                height="50"
                loading="lazy"
                src="/_next/image?url=%2Fleagues%2Fla-liga.png&w=128&q=75"
                srcset="/_next/image?url=%2Fleagues%2Fla-liga.png&w=64&q=75 1x, /_next/image?url=%2Fleagues%2Fla-liga.png&w=128&q=75 2x"
                style="color: transparent;"
                width="50"
              />
              <p>
                La Liga
              </p>
              <div
                class="flexRow"
              >
                <p>
                  Spain
                </p>
                <img
                  alt="Spain"
                  data-nimg="1"
                  decoding="async"
                  height="30"
                  loading="lazy"
                  src="/_next/image?url=%2Fflags%2Fspain.png&w=64&q=75"
                  srcset="/_next/image?url=%2Fflags%2Fspain.png&w=32&q=75 1x, /_next/image?url=%2Fflags%2Fspain.png&w=64&q=75 2x"
                  style="color: transparent;"
                  width="30"
                />
              </div>
            </div>
          </label>
          <label>
            <input
              class="radioInput radioInputLeague"
              type="radio"
            />
            <div
              class="card"
            >
              <img
                alt="Bundesliga"
                data-nimg="1"
                decoding="async"
                height="50"
                loading="lazy"
                src="/_next/image?url=%2Fleagues%2Fbundesliga.png&w=128&q=75"
                srcset="/_next/image?url=%2Fleagues%2Fbundesliga.png&w=64&q=75 1x, /_next/image?url=%2Fleagues%2Fbundesliga.png&w=128&q=75 2x"
                style="color: transparent;"
                width="50"
              />
              <p>
                Bundesliga
              </p>
              <div
                class="flexRow"
              >
                <p>
                  Germany
                </p>
                <img
                  alt="Germany"
                  data-nimg="1"
                  decoding="async"
                  height="30"
                  loading="lazy"
                  src="/_next/image?url=%2Fflags%2Fgermany.png&w=64&q=75"
                  srcset="/_next/image?url=%2Fflags%2Fgermany.png&w=32&q=75 1x, /_next/image?url=%2Fflags%2Fgermany.png&w=64&q=75 2x"
                  style="color: transparent;"
                  width="30"
                />
              </div>
            </div>
          </label>
          <label>
            <input
              class="radioInput radioInputLeague"
              type="radio"
            />
            <div
              class="card"
            >
              <img
                alt="Serie A"
                data-nimg="1"
                decoding="async"
                height="50"
                loading="lazy"
                src="/_next/image?url=%2Fleagues%2Fserie-a.png&w=128&q=75"
                srcset="/_next/image?url=%2Fleagues%2Fserie-a.png&w=64&q=75 1x, /_next/image?url=%2Fleagues%2Fserie-a.png&w=128&q=75 2x"
                style="color: transparent;"
                width="50"
              />
              <p>
                Serie A
              </p>
              <div
                class="flexRow"
              >
                <p>
                  Italy
                </p>
                <img
                  alt="Italy"
                  data-nimg="1"
                  decoding="async"
                  height="30"
                  loading="lazy"
                  src="/_next/image?url=%2Fflags%2Fitaly.png&w=64&q=75"
                  srcset="/_next/image?url=%2Fflags%2Fitaly.png&w=32&q=75 1x, /_next/image?url=%2Fflags%2Fitaly.png&w=64&q=75 2x"
                  style="color: transparent;"
                  width="30"
                />
              </div>
            </div>
          </label>
          <label>
            <input
              class="radioInput radioInputLeague"
              type="radio"
            />
            <div
              class="card"
            >
              <img
                alt="Ligue 1"
                data-nimg="1"
                decoding="async"
                height="50"
                loading="lazy"
                src="/_next/image?url=%2Fleagues%2Fligue-1.png&w=128&q=75"
                srcset="/_next/image?url=%2Fleagues%2Fligue-1.png&w=64&q=75 1x, /_next/image?url=%2Fleagues%2Fligue-1.png&w=128&q=75 2x"
                style="color: transparent;"
                width="50"
              />
              <p>
                Ligue 1
              </p>
              <div
                class="flexRow"
              >
                <p>
                  France
                </p>
                <img
                  alt="France"
                  data-nimg="1"
                  decoding="async"
                  height="30"
                  loading="lazy"
                  src="/_next/image?url=%2Fflags%2Ffrance.png&w=64&q=75"
                  srcset="/_next/image?url=%2Fflags%2Ffrance.png&w=32&q=75 1x, /_next/image?url=%2Fflags%2Ffrance.png&w=64&q=75 2x"
                  style="color: transparent;"
                  width="30"
                />
              </div>
            </div>
          </label>
        </div>
        <br />
        <p>
          Choose the season you would like to discover
        </p>
        <div
          class="grid"
        >
          <label>
            <input
              class="radioInput radioInputSeason"
              type="radio"
            />
            <div
              class="card"
            >
              2019/2020
            </div>
          </label>
          <label>
            <input
              class="radioInput radioInputSeason"
              type="radio"
            />
            <div
              class="card"
            >
              2020/2021
            </div>
          </label>
          <label>
            <input
              class="radioInput radioInputSeason"
              type="radio"
            />
            <div
              class="card"
            >
              2021/2022
            </div>
          </label>
          <label>
            <input
              class="radioInput radioInputSeason"
              type="radio"
            />
            <div
              class="card"
            >
              2022/2023
            </div>
          </label>
        </div>
        <button
          class="submitButton"
          type="submit"
        >
          Submit
        </button>
      </form>
    </div>
  </div>,
  "debug": [Function],
  "findAllByAltText": [Function],
  "findAllByDisplayValue": [Function],
  "findAllByLabelText": [Function],
  "findAllByPlaceholderText": [Function],
  "findAllByRole": [Function],
  "findAllByTestId": [Function],
  "findAllByText": [Function],
  "findAllByTitle": [Function],
  "findByAltText": [Function],
  "findByDisplayValue": [Function],
  "findByLabelText": [Function],
  "findByPlaceholderText": [Function],
  "findByRole": [Function],
  "findByTestId": [Function],
  "findByText": [Function],
  "findByTitle": [Function],
  "getAllByAltText": [Function],
  "getAllByDisplayValue": [Function],
  "getAllByLabelText": [Function],
  "getAllByPlaceholderText": [Function],
  "getAllByRole": [Function],
  "getAllByTestId": [Function],
  "getAllByText": [Function],
  "getAllByTitle": [Function],
  "getByAltText": [Function],
  "getByDisplayValue": [Function],
  "getByLabelText": [Function],
  "getByPlaceholderText": [Function],
  "getByRole": [Function],
  "getByTestId": [Function],
  "getByText": [Function],
  "getByTitle": [Function],
  "queryAllByAltText": [Function],
  "queryAllByDisplayValue": [Function],
  "queryAllByLabelText": [Function],
  "queryAllByPlaceholderText": [Function],
  "queryAllByRole": [Function],
  "queryAllByTestId": [Function],
  "queryAllByText": [Function],
  "queryAllByTitle": [Function],
  "queryByAltText": [Function],
  "queryByDisplayValue": [Function],
  "queryByLabelText": [Function],
  "queryByPlaceholderText": [Function],
  "queryByRole": [Function],
  "queryByTestId": [Function],
  "queryByText": [Function],
  "queryByTitle": [Function],
  "rerender": [Function],
  "unmount": [Function],
}
`;
